// Jest Snapshot v1, https://goo.gl/fbAQLP

exports[`SignUp component rendering Render App properly 1`] = `ShallowWrapper {}`;
