// Jest Snapshot v1, https://goo.gl/fbAQLP

exports[`Render App componet full app rendering 1`] = `ShallowWrapper {}`;
